// Jest Snapshot v1, https://goo.gl/fbAQLP

exports[`Basic Modal tests renders correctly 1`] = `
<ForwardRef(Modal)
  BackdropProps={
    Object {
      "style": Object {
        "opacity": 0.9,
      },
    }
  }
  open={true}
>
  <styled.div
    darkMode={false}
  >
    <styled.div>
      <Styled(Component)
        color="error"
        size="small"
        variant="contained"
      >
        x
      </Styled(Component)>
    </styled.div>
    <styled.div />
    <styled.div>
      <styled.div>
        <Styled(Component)
          fullWidth={true}
          variant="contained"
        >
          Cancel
        </Styled(Component)>
      </styled.div>
      <styled.div>
        <ForwardRef(Button)
          color="info"
          fullWidth={true}
          onClick={[Function]}
          variant="contained"
        >
          Submit
        </ForwardRef(Button)>
      </styled.div>
    </styled.div>
  </styled.div>
</ForwardRef(Modal)>
`;
