// Jest Snapshot v1, https://goo.gl/fbAQLP

exports[`Message Modal tests renders correctly 1`] = `
<ForwardRef(Modal)
  open={true}
>
  <Styled(Container)
    darkMode={false}
  >
    <Styled(Row)>
      <ForwardRef(Typography)
        className="text-center"
        component="h1"
        variant="h6"
      />
    </Styled(Row)>
    <Styled(Row)>
      <ForwardRef(Typography)
        className="text-center"
        component="p"
        variant="body1"
      />
    </Styled(Row)>
    <Styled(Row)>
      <Styled(Col)
        sm={
          Object {
            "offset": 3,
            "span": 3,
          }
        }
        xs={6}
      >
        <ForwardRef(Button)
          color="error"
          fullWidth={true}
          variant="contained"
        />
      </Styled(Col)>
      <Styled(Col)
        sm={
          Object {
            "span": 3,
          }
        }
        xs={6}
      >
        <ForwardRef(Button)
          color="success"
          fullWidth={true}
          variant="contained"
        />
      </Styled(Col)>
    </Styled(Row)>
  </Styled(Container)>
</ForwardRef(Modal)>
`;
