// Jest Snapshot v1, https://goo.gl/fbAQLP

exports[`Homepage tests renders correctly 1`] = `
<React.Fragment>
  <Memo(l)
    darkMode={true}
  />
  <Styled(Component)
    container={true}
    darkMode={true}
    justifyContent={
      Object {
        "md": "flex-start",
        "xs": "center",
      }
    }
  >
    <ForwardRef(Grid)
      item={true}
      md={9}
      order={
        Object {
          "md": 1,
          "xs": 2,
        }
      }
      xs={12}
    >
      <ForwardRef(Grid)
        container={true}
        justifyContent={
          Object {
            "sm": "flex-start",
            "xs": "center",
          }
        }
      >
        <ForwardRef(Grid)
          item={true}
          lg={6}
          md={7}
          sm={9}
          xl={5}
          xs={12}
        >
          <ForwardRef(Grid)
            container={true}
            display={
              Object {
                "md": "none",
                "xs": "block",
              }
            }
          >
            <styled.img
              alt="qc-logo"
              src={
                Object {
                  "process": [Function],
                }
              }
            />
          </ForwardRef(Grid)>
          <Styled(Component)
            component="h1"
            darkMode={true}
            variant="h2"
          >
            Welcome from the Queen City
          </Styled(Component)>
          <br />
        </ForwardRef(Grid)>
        <ForwardRef(Grid)
          display={
            Object {
              "md": "block",
              "xs": "none",
            }
          }
          item={true}
          lg={6}
          md={5}
          sm={9}
          xl={7}
        >
          <styled.img
            alt="qc-logo"
            src={
              Object {
                "process": [Function],
              }
            }
          />
        </ForwardRef(Grid)>
        <ForwardRef(Grid)
          item={true}
          justifyContent={
            Object {
              "sm": "flex-start",
              "xs": "center",
            }
          }
          xs={12}
        >
          <Styled(Component)
            component="h1"
            darkMode={true}
            variant="h4"
          >
            I'm Derek! A passionate web developer and the G.O.A.T. dog-dad of the Greater
                Charlotte Metro area
          </Styled(Component)>
          <br />
          <Styled(Component)
            component="h1"
            darkMode={true}
            variant="h6"
          >
            I strive to elegantly code user-friendly web apps that utilize React, Material UI
                  and Styled-Components in the front-end, and MongoDB and ExpressJS in the back-end
          </Styled(Component)>
        </ForwardRef(Grid)>
      </ForwardRef(Grid)>
    </ForwardRef(Grid)>
    <Styled(Component)
      item={true}
      md={3}
      order={
        Object {
          "md": 2,
          "xs": 1,
        }
      }
    >
      <styled.img
        alt="Me and George"
        src={
          Object {
            "process": [Function],
          }
        }
      />
    </Styled(Component)>
  </Styled(Component)>
</React.Fragment>
`;
