// Jest Snapshot v1, https://goo.gl/fbAQLP

exports[`Homepage tests renders correctly 1`] = `
<styled.div>
  <Styled(Container)>
    <Row>
      <Col
        className="my-5 py-4 my-lg-0 py-lg-0"
        lg={
          Object {
            "order": "first",
            "span": 8,
          }
        }
        sm={
          Object {
            "order": "last",
            "span": 12,
          }
        }
      >
        <Row>
          <Col
            lg={9}
            sm={12}
          >
            <styled.img
              alt="qc-logo"
              className="d-block d-lg-none"
              src={
                Object {
                  "process": [Function],
                }
              }
            />
            <Styled(Component)
              component="h1"
              variant="h2"
            >
              Welcome from the Queen City
            </Styled(Component)>
          </Col>
          <Col
            className="d-none d-lg-block"
            lg={
              Object {
                "offset": 0,
                "span": 3,
              }
            }
            sm={
              Object {
                "offset": 4,
                "span": 9,
              }
            }
          >
            <styled.img
              alt="qc-logo"
              src={
                Object {
                  "process": [Function],
                }
              }
            />
          </Col>
        </Row>
        <Styled(Component)
          component="h1"
          variant="h4"
        >
          I'm Derek! A passionate web developer and the G.O.A.T. dog-dad of the Greater Charlotte Metro area
        </Styled(Component)>
        <Styled(Component)
          component="h1"
          variant="h6"
        >
          I strive to elegantly code user-friendly web apps that utilize ReactJS, Material UI and Styled-Components
        </Styled(Component)>
      </Col>
      <Col
        className="my-5 py-5 my-lg-0 py-lg-0"
        lg={
          Object {
            "offset": 0,
            "span": 4,
          }
        }
        xs={
          Object {
            "offset": 3,
            "span": 6,
          }
        }
      >
        <styled.img
          alt="Me and George"
          src={
            Object {
              "process": [Function],
            }
          }
        />
      </Col>
    </Row>
  </Styled(Container)>
</styled.div>
`;
