// Jest Snapshot v1, https://goo.gl/fbAQLP

exports[`Lowes Challenge tests renders correctly 1`] = `
<div>
  <ForwardRef(TableContainer)>
    <ForwardRef(Table)>
      <ForwardRef(TableHead)>
        <ForwardRef(TableRow)>
          <ForwardRef(TableCell)>
            Name
          </ForwardRef(TableCell)>
          <ForwardRef(TableCell)>
            Age
          </ForwardRef(TableCell)>
          <ForwardRef(TableCell) />
        </ForwardRef(TableRow)>
      </ForwardRef(TableHead)>
      <ForwardRef(TableBody)>
        <ForwardRef(TableRow)>
          <ForwardRef(TableCell)>
            Shivarsh
          </ForwardRef(TableCell)>
          <ForwardRef(TableCell)>
            21
          </ForwardRef(TableCell)>
          <ForwardRef(TableCell)>
            <ForwardRef(Grid)
              container={true}
              spacing={2}
            >
              <ForwardRef(Grid)
                item={true}
              >
                <ForwardRef(Button)
                  color="warning"
                  id={1}
                  onClick={[Function]}
                  variant="contained"
                >
                  Update
                </ForwardRef(Button)>
              </ForwardRef(Grid)>
              <ForwardRef(Grid)
                item={true}
              >
                <ForwardRef(Button)
                  color="error"
                  id={1}
                  onClick={[Function]}
                  variant="contained"
                >
                  Delete
                </ForwardRef(Button)>
              </ForwardRef(Grid)>
            </ForwardRef(Grid)>
          </ForwardRef(TableCell)>
        </ForwardRef(TableRow)>
        <ForwardRef(TableRow)>
          <ForwardRef(TableCell)>
            Simran
          </ForwardRef(TableCell)>
          <ForwardRef(TableCell)>
            22
          </ForwardRef(TableCell)>
          <ForwardRef(TableCell)>
            <ForwardRef(Grid)
              container={true}
              spacing={2}
            >
              <ForwardRef(Grid)
                item={true}
              >
                <ForwardRef(Button)
                  color="warning"
                  id={2}
                  onClick={[Function]}
                  variant="contained"
                >
                  Update
                </ForwardRef(Button)>
              </ForwardRef(Grid)>
              <ForwardRef(Grid)
                item={true}
              >
                <ForwardRef(Button)
                  color="error"
                  id={2}
                  onClick={[Function]}
                  variant="contained"
                >
                  Delete
                </ForwardRef(Button)>
              </ForwardRef(Grid)>
            </ForwardRef(Grid)>
          </ForwardRef(TableCell)>
        </ForwardRef(TableRow)>
        <ForwardRef(TableRow)>
          <ForwardRef(TableCell)>
            Aakash
          </ForwardRef(TableCell)>
          <ForwardRef(TableCell)>
            23
          </ForwardRef(TableCell)>
          <ForwardRef(TableCell)>
            <ForwardRef(Grid)
              container={true}
              spacing={2}
            >
              <ForwardRef(Grid)
                item={true}
              >
                <ForwardRef(Button)
                  color="warning"
                  id={3}
                  onClick={[Function]}
                  variant="contained"
                >
                  Update
                </ForwardRef(Button)>
              </ForwardRef(Grid)>
              <ForwardRef(Grid)
                item={true}
              >
                <ForwardRef(Button)
                  color="error"
                  id={3}
                  onClick={[Function]}
                  variant="contained"
                >
                  Delete
                </ForwardRef(Button)>
              </ForwardRef(Grid)>
            </ForwardRef(Grid)>
          </ForwardRef(TableCell)>
        </ForwardRef(TableRow)>
      </ForwardRef(TableBody)>
    </ForwardRef(Table)>
  </ForwardRef(TableContainer)>
  <Styled(Component)
    container={true}
  >
    <ForwardRef(Button)
      fullWidth={true}
      onClick={[Function]}
      variant="contained"
    >
      Create New
    </ForwardRef(Button)>
  </Styled(Component)>
  <ForwardRef(Modal)
    open={false}
  >
    <styled.div>
      <Styled(Component)
        container={true}
        justifyContent="center"
        spacing={2}
      >
        <React.Fragment>
          <ForwardRef(Grid)
            item={true}
          >
            <ForwardRef(TextField)
              id="name"
              label="Enter Name"
              onChange={[Function]}
              placeholder="Enter Name"
            />
          </ForwardRef(Grid)>
          <ForwardRef(Grid)
            item={true}
          >
            <ForwardRef(TextField)
              id="age"
              label="Enter Age"
              onChange={[Function]}
              placeholder="Enter Age"
            />
          </ForwardRef(Grid)>
        </React.Fragment>
      </Styled(Component)>
      <ForwardRef(Grid)
        container={true}
        justifyContent="center"
        spacing={2}
      >
        <ForwardRef(Grid)
          item={true}
        >
          <ForwardRef(Button)
            color="error"
            onClick={[Function]}
            variant="contained"
          >
            Cancel
          </ForwardRef(Button)>
        </ForwardRef(Grid)>
        <ForwardRef(Grid)
          item={true}
        >
          <ForwardRef(Button)
            color="success"
            onClick={[Function]}
            variant="contained"
          >
            Submit
          </ForwardRef(Button)>
        </ForwardRef(Grid)>
      </ForwardRef(Grid)>
    </styled.div>
  </ForwardRef(Modal)>
</div>
`;
