// Jest Snapshot v1, https://goo.gl/fbAQLP

exports[`ListingsProvider with me tests renders correctly 1`] = `
<Context.Provider
  value={
    Object {
      "deleteComplete": false,
      "isConfirmingDelete": false,
      "isDeleting": false,
      "isEditing": false,
      "listingsDispatch": [Function],
      "modalLocation": "",
      "modalName": "",
    }
  }
/>
`;
