// Jest Snapshot v1, https://goo.gl/fbAQLP

exports[`Header Menu tests renders correctly 1`] = `
<styled.div>
  <React.Fragment>
    <HeaderMenuOptions
      mainTo="about-me"
      menuIcon={<Memo />}
      menuTitle="About Me"
      secondaryTo="/about-me"
    />
    <HeaderMenuOptions
      mainTo="projects"
      menuIcon={<Memo />}
      menuTitle="Projects"
      secondaryTo="/projects"
    />
    <HeaderMenuOptions
      mainTo="connect-with-me"
      menuIcon={<Memo />}
      menuTitle="Connect With Me"
      secondaryTo="/connect-with-me"
    />
  </React.Fragment>
</styled.div>
`;
