// Jest Snapshot v1, https://goo.gl/fbAQLP

exports[`Option tests renders correctly 1`] = `
<React.Fragment>
  <Styled(Component)>
    <styled.a
      className="link"
      href="www.fake.com"
      target="_blank"
    >
      <ForwardRef(Grid)
        className="menu-item"
        container={true}
        spacing={3}
      >
        <ForwardRef(Grid)
          item={true}
          xs={2}
        >
          <React.Fragment />
        </ForwardRef(Grid)>
        <ForwardRef(Grid)
          item={true}
          xs={9}
        >
          test
        </ForwardRef(Grid)>
      </ForwardRef(Grid)>
    </styled.a>
  </Styled(Component)>
  <ForwardRef(Divider) />
</React.Fragment>
`;
