// Jest Snapshot v1, https://goo.gl/fbAQLP

exports[`DynamicColumnsList with me tests renders correctly 1`] = `
<styled.div>
  <Styled(Component)>
    <Styled(Component)
      draggable="true"
    >
      <ForwardRef(Grid)
        container={true}
      >
        <ForwardRef(Grid)
          item={true}
          order={
            Object {
              "lg": 2,
              "xs": 1,
            }
          }
          xs={10}
        >
          <ForwardRef(Grid)
            container={true}
            justifyContent={
              Object {
                "lg": "flex-end",
                "xs": "flex-start",
              }
            }
          >
            <ForwardRef(Typography)
              component="h3"
              variant="subtitle1"
            >
              Test 1
            </ForwardRef(Typography)>
          </ForwardRef(Grid)>
        </ForwardRef(Grid)>
        <ForwardRef(Grid)
          item={true}
          order={
            Object {
              "lg": 1,
              "xs": 2,
            }
          }
          xs={2}
        >
          <ForwardRef(Grid)
            container={true}
            justifyContent={
              Object {
                "lg": "flex-start",
                "xs": "flex-end",
              }
            }
          >
            <ForwardRef(IconButton)
              color="error"
              id={1}
              onClick={[Function]}
              variant="contained"
            >
              <Memo />
            </ForwardRef(IconButton)>
          </ForwardRef(Grid)>
        </ForwardRef(Grid)>
      </ForwardRef(Grid)>
    </Styled(Component)>
  </Styled(Component)>
</styled.div>
`;
