// Jest Snapshot v1, https://goo.gl/fbAQLP

exports[`Github Finder tests renders correctly 1`] = `
<ForwardRef(Grid)
  item={true}
>
  <styled.div>
    <ForwardRef(Button)
      color="secondary"
      onClick={[Function]}
    >
      Back to user results
    </ForwardRef(Button)>
  </styled.div>
  <Styled(Component)
    container={true}
  >
    <GithubUserProfileTop />
    <GithubUserProfileMiddle />
    <GithubUserRepos />
  </Styled(Component)>
</ForwardRef(Grid)>
`;
