// Jest Snapshot v1, https://goo.gl/fbAQLP

exports[`Lead Input Data Table tests renders correctly 1`] = `
<DynamicDataTable
  checkAllColor="primary"
  checkOneColor="secondary"
  deleteDataRowNameItems={
    Array [
      "firstName",
      " ",
      "lastName",
    ]
  }
  deleteDataRowsAPICall="https://react-web-portfolio-backend.herokuapp.com/deleteLeadInput"
  editDataRowsAPICall="https://react-web-portfolio-backend.herokuapp.com/replaceLeadInput"
  getDataRowsAPICall="https://react-web-portfolio-backend.herokuapp.com/leadInput"
  headers={
    Array [
      Object {
        "headerID": "firstName",
        "headerName": "First Name",
      },
      Object {
        "headerID": "lastName",
        "headerName": "Last Name",
      },
      Object {
        "headerID": "email",
        "headerName": "Email",
      },
      Object {
        "headerID": "phone",
        "headerName": "Phone Number",
      },
    ]
  }
  isDeletable={true}
  isEditable={true}
  isFilterable={true}
  isResetable={true}
  size="small"
/>
`;
