// Jest Snapshot v1, https://goo.gl/fbAQLP

exports[`Feedback Form tests renders correctly 1`] = `
<Card
  darkMode={false}
  padding={true}
>
  <h2>
    Feedback Form
  </h2>
  <ForwardRef(Typography)
    component="p"
    variant="subtitle1"
  >
    Please rate your experience
  </ForwardRef(Typography)>
  <ForwardRef(FormControl)
    fullWidth={true}
  >
    <ForwardRef(RadioGroup)
      onChange={[Function]}
    >
      <styled.div>
        <div>
          <Styled(Component)
            checked={false}
            control={<ForwardRef(Radio) />}
            label={0}
            value={0}
          />
        </div>
        <div>
          <Styled(Component)
            checked={false}
            control={<ForwardRef(Radio) />}
            label={1}
            value={1}
          />
        </div>
        <div>
          <Styled(Component)
            checked={false}
            control={<ForwardRef(Radio) />}
            label={2}
            value={2}
          />
        </div>
        <div>
          <Styled(Component)
            checked={false}
            control={<ForwardRef(Radio) />}
            label={3}
            value={3}
          />
        </div>
        <div>
          <Styled(Component)
            checked={false}
            control={<ForwardRef(Radio) />}
            label={4}
            value={4}
          />
        </div>
        <div>
          <Styled(Component)
            checked={false}
            control={<ForwardRef(Radio) />}
            label={5}
            value={5}
          />
        </div>
        <div>
          <Styled(Component)
            checked={false}
            control={<ForwardRef(Radio) />}
            label={6}
            value={6}
          />
        </div>
        <div>
          <Styled(Component)
            checked={false}
            control={<ForwardRef(Radio) />}
            label={7}
            value={7}
          />
        </div>
        <div>
          <Styled(Component)
            checked={false}
            control={<ForwardRef(Radio) />}
            label={8}
            value={8}
          />
        </div>
        <div>
          <Styled(Component)
            checked={false}
            control={<ForwardRef(Radio) />}
            label={9}
            value={9}
          />
        </div>
        <div>
          <Styled(Component)
            checked={false}
            control={<ForwardRef(Radio) />}
            label={10}
            value={10}
          />
        </div>
      </styled.div>
    </ForwardRef(RadioGroup)>
  </ForwardRef(FormControl)>
  <ForwardRef(TextField)
    fullWidth={true}
    label="Write a review"
    minRows={2}
    multiline={true}
    onChange={[Function]}
    placeholder="Write a review"
    value=""
  />
  <styled.div>
    <ForwardRef(Button)
      disabled={true}
      onClick={[Function]}
      size="small"
      variant="outlined"
    >
      Submit 
      Review
    </ForwardRef(Button)>
  </styled.div>
</Card>
`;
