// Jest Snapshot v1, https://goo.gl/fbAQLP

exports[`Feedback tests renders correctly 1`] = `
<React.Fragment>
  <Memo(l) />
  <FeedbackProvider>
    <styled.div>
      <FeedbackForm
        maxRank={10}
      />
      <FeedbackStats />
      <FeedbackList />
    </styled.div>
  </FeedbackProvider>
</React.Fragment>
`;
