// Jest Snapshot v1, https://goo.gl/fbAQLP

exports[`DynamicList tests renders correctly 1`] = `
<ForwardRef(Grid)
  container={true}
  justifyContent="center"
>
  <Styled(Component)
    variant="h6"
  >
    test dynamic list
  </Styled(Component)>
  <Styled(Component)
    container={true}
  >
    <ForwardRef(Grid)
      item={true}
      md={11}
      sm={10}
      xs={12}
    >
      <div />
    </ForwardRef(Grid)>
    <ForwardRef(Grid)
      item={true}
      md={1}
      sm={2}
      xs={12}
    >
      <Styled(Component)
        darkMode={true}
        disabled={false}
        onClick={[Function]}
      >
        <FontAwesomeIcon
          beat={false}
          beatFade={false}
          border={false}
          bounce={false}
          className=""
          fade={false}
          fixedWidth={false}
          flip={false}
          icon={
            Object {
              "icon": Array [
                448,
                512,
                Array [],
                "f067",
                "M416 208H272V64c0-17.67-14.33-32-32-32h-32c-17.67 0-32 14.33-32 32v144H32c-17.67 0-32 14.33-32 32v32c0 17.67 14.33 32 32 32h144v144c0 17.67 14.33 32 32 32h32c17.67 0 32-14.33 32-32V304h144c17.67 0 32-14.33 32-32v-32c0-17.67-14.33-32-32-32z",
              ],
              "iconName": "plus",
              "prefix": "fas",
            }
          }
          inverse={false}
          listItem={false}
          mask={null}
          maskId={null}
          pull={null}
          pulse={false}
          rotation={null}
          shake={false}
          size={null}
          spin={false}
          spinPulse={false}
          spinReverse={false}
          swapOpacity={false}
          symbol={false}
          title=""
          titleId={null}
          transform={null}
        />
      </Styled(Component)>
      <Styled(Component)
        darkMode={true}
        disabled={true}
        onClick={[Function]}
      >
        <FontAwesomeIcon
          beat={false}
          beatFade={false}
          border={false}
          bounce={false}
          className=""
          fade={false}
          fixedWidth={false}
          flip={false}
          icon={
            Object {
              "icon": Array [
                448,
                512,
                Array [],
                "f1f8",
                "M0 84V56c0-13.3 10.7-24 24-24h112l9.4-18.7c4-8.2 12.3-13.3 21.4-13.3h114.3c9.1 0 17.4 5.1 21.5 13.3L312 32h112c13.3 0 24 10.7 24 24v28c0 6.6-5.4 12-12 12H12C5.4 96 0 90.6 0 84zm415.2 56.7L394.8 467c-1.6 25.3-22.6 45-47.9 45H101.1c-25.3 0-46.3-19.7-47.9-45L32.8 140.7c-.4-6.9 5.1-12.7 12-12.7h358.5c6.8 0 12.3 5.8 11.9 12.7z",
              ],
              "iconName": "trash",
              "prefix": "fas",
            }
          }
          inverse={false}
          listItem={false}
          mask={null}
          maskId={null}
          pull={null}
          pulse={false}
          rotation={null}
          shake={false}
          size={null}
          spin={false}
          spinPulse={false}
          spinReverse={false}
          swapOpacity={false}
          symbol={false}
          title=""
          titleId={null}
          transform={null}
        />
      </Styled(Component)>
    </ForwardRef(Grid)>
    <hr />
  </Styled(Component)>
</ForwardRef(Grid)>
`;
